C:\laragon\www\Rental_api\api\src\main\java\com\rental\api\ApiApplication.java
C:\laragon\www\Rental_api\api\src\main\java\com\rental\api\controller\mobilController.java
C:\laragon\www\Rental_api\api\src\main\java\com\rental\api\controller\PelangganController.java
C:\laragon\www\Rental_api\api\src\main\java\com\rental\api\controller\transaksiController.java
C:\laragon\www\Rental_api\api\src\main\java\com\rental\api\controller\userController.java
C:\laragon\www\Rental_api\api\src\main\java\com\rental\api\model\mobil.java
C:\laragon\www\Rental_api\api\src\main\java\com\rental\api\model\Pelanggan.java
C:\laragon\www\Rental_api\api\src\main\java\com\rental\api\model\transaksi.java
C:\laragon\www\Rental_api\api\src\main\java\com\rental\api\model\user.java
C:\laragon\www\Rental_api\api\src\main\java\com\rental\api\repository\mobilRepository.java
C:\laragon\www\Rental_api\api\src\main\java\com\rental\api\repository\PelangganRepository.java
C:\laragon\www\Rental_api\api\src\main\java\com\rental\api\repository\transaksiRepository.java
C:\laragon\www\Rental_api\api\src\main\java\com\rental\api\repository\userRepository.java
C:\laragon\www\Rental_api\api\src\main\java\com\rental\api\service\mobilService.java
C:\laragon\www\Rental_api\api\src\main\java\com\rental\api\service\PelangganService.java
C:\laragon\www\Rental_api\api\src\main\java\com\rental\api\service\transaksiService.java
C:\laragon\www\Rental_api\api\src\main\java\com\rental\api\service\userService.java
